16702
18182
18177
18177
18177
18177
18180
18182
18210
18242
18238
18238
18242
18242
18242
18242
18241
18241
18232
18232
18232
18232
18219
18219
18219
18219
18219
18219
18219
18275
18275
18275
18307
18302
18302
18302
18302
18300
18300
18301
18301
18301
18301
18298
18298
18298
18298
18298
18298
18294
18294
18294
18294
18294
18294
18325
18325
18325
18325
18325
18325
18316
18316
18311
18311
18311
18311
18314
18311
18291
18321
18322
18322
18320
18320
18323
18323
18320
18352
18352
18352
18345
18345
18333
18333
18333
18333
18333
18333
18333
18333
18362
18362
18362
18362
18362
18362
18362
18362
18346
18346
18392
18392
18393
18393
18390
18390
18390
18390
18390
18390
18382
18382
18382
18382
18381
18381
18381
18381
18381
18381
18370
18370
18370
18402
18402
18402
18402
18402
18402
18398
18417
18419
18419
18419
18419
18420
18420
18419
18419
18419
18419
18409
18409
18409
18409
18397
18397
18429
18429
18479
18479
18479
18479
18475
18475
18476
18458
18457
18454
18453
18457
18457
18457
18454
18454
18451
18451
18449
18449
18430
18426
18458
18458
18458
18458
18458
18458
18458
18458
18458
18458
18458
18458
18458
18458
18458
18458
18461
18453
16729
18393
18397
18397
18393
18393
18394
18394
18394
18394
18388
18388
18386
18386
18374
18374
18374
18374
18433
18433
18433
18433
18428
18428
18428
18428
18427
18427
18425
18425
18425
18425
18422
18423
18423
18423
18423
18423
18405
18425
18425
18425
18425
18425
18425
18425
18425
18424
18424
18424
18424
18418
18418
18413
18413
18413
18413
18409
18440
18440
18440
18436
18436
18438
18438
18438
18438
18436
18434
18430
18430
18419
18419
18419
18419
18419
18419
18430
18430
18445
18445
18445
18445
18441
18441
18441
18441
18437
18437
18421
18421
18421
18421
18420
18420
18420
18420
18420
18420
18433
18433
18433
18433
18432
18432
18432
18432
18430
18430
18430
18430
18426
18426
18420
18420
18420
18420
18424
18424
18418
18418
18417
18417
18419
18419
18417
18417
18417
18417
18409
18409
18409
18409
18398
18398
18415
18415
18421
18421
18424
18424
18423
18423
18420
18420
18409
18422
18422
18422
18422
18420
18420
18420
18421
18421
18421
18411
18410
18410
18410
18410
18410
18410
18410
18410
18410
18410
18474
18577
18579
18575
18584
18615
18398
18395
18395
18391
18398
18401
18401
18400
18400
18402
18402
18401
18401
18399
18399
18391
18391
18391
18391
18379
18379
18379
18379
18416
18423
18423
18423
18419
18419
18419
18483
18501
18590
18590
18590
18631
18471
18414
18414
18414
18413
18413
18413
18413
18413
18413
18413
18413
18413
18413
18413
18426
18413
18413
18465
18465
18500
18577
18413
18413
18413
18413
18403
18403
18414
18414
18415
18415
18415
18415
18412
18412
18412
18412
18405
18405
18405
18405
18393
18393
18393
18393
18419
18419
18419
18419
18416
18416
18416
18416
18414
18414
18401
18414
18414
18414
18414
18464
18499
18588
18589
18589
18630
18712
18712
18408
18408
18407
18407
18407
18407
18407
18407
18396
18396
18396
18396
18392
18430
18428
18428
18425
18421
18407
18411
18413
18413
18411
18392
18431
18431
18430
18430
18413
18413
18404
18404
18392
18392
18369
18369
18369
18369
18392
18392
18394
18394
18394
18394
18390
18390
18390
18390
18388
18388
20130
20130
20130
20130
20130
18914
18914
20130
20130
20130
18926
18926
18926
18926
18925
18925
14061
14061
14059
14059
14059
14059
14054
14054
14050
14050
