iil_birds_dawnchorus_b2048_r48000_z8: 30 s live with a moving puck: 0 underruns, decode 99th percentile 22% of the block length
  control delay over 10 of 10 starts: median 189 ms, max 252 ms (upper bound, includes capture)
iil_guitar_iil_b2048_r48000_z16: 30 s live with a moving puck: 0 underruns, decode 99th percentile 61% of the block length
  control delay over 10 of 10 starts: median 268 ms, max 339 ms (upper bound, includes capture)
iil_humpbacks_pondbrain_b2048_r48000_z20: 30 s live with a moving puck: 0 underruns, decode 99th percentile 40% of the block length
  control delay over 10 of 10 starts: median 259 ms, max 322 ms (upper bound, includes capture)
iil_magnets_b2048_r48000_z8: 30 s live with a moving puck: 0 underruns, decode 99th percentile 17% of the block length
  control delay over 10 of 10 starts: median 189 ms, max 252 ms (upper bound, includes capture)
iil_organ_bach_b2048_r48000_z16: 30 s live with a moving puck: 0 underruns, decode 99th percentile 59% of the block length
  control delay over 10 of 10 starts: median 289 ms, max 355 ms (upper bound, includes capture)
iil_water_pondbrain_b2048_r48000_z16: 30 s live with a moving puck: 0 underruns, decode 99th percentile 40% of the block length
  control delay over 10 of 10 starts: median 225 ms, max 332 ms (upper bound, includes capture)
ircam_darbouka_onnx: 30 s live with a moving puck: 0 underruns, decode 99th percentile 14% of the block length
  control delay over 10 of 10 starts: median 176 ms, max 243 ms (upper bound, includes capture)
ircam_isis: 30 s live with a moving puck: 0 underruns, decode 99th percentile 53% of the block length
  control delay over 10 of 10 starts: median 288 ms, max 363 ms (upper bound, includes capture)
ircam_musicnet: 30 s live with a moving puck: 0 underruns, decode 99th percentile 54% of the block length
  control delay over 10 of 10 starts: median 278 ms, max 377 ms (upper bound, includes capture)
ircam_nasa: 30 s live with a moving puck: 0 underruns, decode 99th percentile 45% of the block length
  control delay over 10 of 10 starts: median 245 ms, max 306 ms (upper bound, includes capture)
ircam_percussion: 30 s live with a moving puck: 0 underruns, decode 99th percentile 22% of the block length
  control delay over 10 of 10 starts: median 231 ms, max 322 ms (upper bound, includes capture)
ircam_sol_full: 30 s live with a moving puck: 0 underruns, decode 99th percentile 54% of the block length
  control delay over 10 of 10 starts: median 298 ms, max 386 ms (upper bound, includes capture)
ircam_sol_ordinario_fast: 30 s live with a moving puck: 0 underruns, decode 99th percentile 14% of the block length
  control delay over 10 of 10 starts: median 190 ms, max 286 ms (upper bound, includes capture)
ircam_sol_ordinario: 30 s live with a moving puck: 0 underruns, decode 99th percentile 53% of the block length
  control delay over 10 of 10 starts: median 289 ms, max 388 ms (upper bound, includes capture)
ircam_VCTK: 30 s live with a moving puck: 0 underruns, decode 99th percentile 26% of the block length
  control delay over 10 of 10 starts: median 188 ms, max 252 ms (upper bound, includes capture)
ircam_vintage: 30 s live with a moving puck: 0 underruns, decode 99th percentile 57% of the block length
  control delay over 10 of 10 starts: median 287 ms, max 357 ms (upper bound, includes capture)
