2494
2494
3804
4412
4412
4736
4736
6944
9568
11214
11822
12034
12060
12060
12060
12060
12060
12060
12060
12060
12060
12060
12060
12060
12060
12060
12060
12060
12060
12070
12060
12060
12060
12060
12092
12092
12092
12092
12092
12092
12092
12092
12092
12092
12092
12092
12092
12092
12092
12092
12092
12092
12092
12092
12092
12092
12092
12092
12092
12092
12092
12124
12124
12124
12124
12124
12124
12124
12124
12124
12124
12124
12124
12124
12124
12124
12124
12124
12124
12124
12124
12124
12124
12124
12124
12124
12124
12124
11930
13660
14716
15644
16572
16572
16572
16572
16796
16796
16796
16796
16796
16796
16796
16796
16796
16796
16796
16796
16796
16796
16796
16796
16796
16796
16796
16796
16796
16796
16796
16796
16796
16796
16796
16796
16796
16796
16796
16796
16796
16796
16796
16796
16796
16796
16796
16796
16796
16796
16796
16796
16796
16796
16796
16796
16796
16798
16798
16829
16829
16826
16826
16824
16824
16825
16825
16826
16824
16821
16822
16821
16821
16819
16820
16820
16820
16819
16819
16809
16807
16806
16806
16806
16806
16806
16806
16806
16806
16806
16806
16806
16806
16806
16806
16806
16806
16806
16806
16806
16806
16806
16806
16806
16806
16806
16806
16806
16806
16806
16806
16806
16806
16805
16805
16805
16805
16805
16805
16805
16806
16806
14310
12069
18853
18855
6535
6535
6535
6535
6535
6532
6530
6532
